{"property":{"address":"Prinsengracht 263, 1016GV Amsterdam","coordinates":[4.88431719,52.37493637],"bagId":"0363200012151123","monumentStatus":{"isMonument":true,"type":"Rijksmonument","date":"1970-09-01"},"weather":{"temperature":0,"precipitation":0,"rainfallForecast":[],"windSpeed":0,"windDirection":0,"humidity":0,"pressure":0,"lastUpdated":"0001-01-01T00:00:00Z","historicalRainfall":[]},"solarPotential":{"solarRadiation":0,"sunshineHours":0,"uvIndex":0,"date":"","historical":[]},"subsidence":{"subsidenceRate":0,"totalSubsidence":0,"stabilityRating":"Unknown","measurementDate":"","groundMovement":0},"broSoilMap":{"soilType":"Unknown","peatComposition":0,"profile":"Unknown","foundationQuality":"Unknown","groundwaterDepth":0},"airQuality":{"stationId":"NL01491","stationName":"Overschie-A13","measurements":[{"parameter":"NO","value":10.7,"unit":"┬Ág/m┬│"},{"parameter":"NO2","value":27.2,"unit":"┬Ág/m┬│"},{"parameter":"PM25","value":11.9,"unit":"┬Ág/m┬│"},{"parameter":"PM10","value":20.2,"unit":"┬Ág/m┬│"},{"parameter":"FN","value":0.98,"unit":"┬Ág/m┬│"},{"parameter":"BCWB","value":0.23,"unit":"┬Ág/m┬│"},{"parameter":"NO","value":6,"unit":"┬Ág/m┬│"},{"parameter":"NO2","value":22,"unit":"┬Ág/m┬│"},{"parameter":"PM25","value":9.9,"unit":"┬Ág/m┬│"},{"parameter":"PM10","value":17.6,"unit":"┬Ág/m┬│"},{"parameter":"FN","value":0.79,"unit":"┬Ág/m┬│"},{"parameter":"BCWB","value":0.19,"unit":"┬Ág/m┬│"},{"parameter":"NO","value":7.9,"unit":"┬Ág/m┬│"},{"parameter":"NO2","value":23.9,"unit":"┬Ág/m┬│"},{"parameter":"PM25","value":11.4,"unit":"┬Ág/m┬│"},{"parameter":"PM10","value":20,"unit":"┬Ág/m┬│"},{"parameter":"FN","value":0.85,"unit":"┬Ág/m┬│"},{"parameter":"BCWB","value":0.21,"unit":"┬Ág/m┬│"},{"parameter":"NO","value":6.1,"unit":"┬Ág/m┬│"},{"parameter":"NO2","value":20.5,"unit":"┬Ág/m┬│"},{"parameter":"PM25","value":10.7,"unit":"┬Ág/m┬│"},{"parameter":"PM10","value":17.7,"unit":"┬Ág/m┬│"},{"parameter":"FN","value":0.8,"unit":"┬Ág/m┬│"},{"parameter":"BCWB","value":0.18,"unit":"┬Ág/m┬│"},{"parameter":"NO","value":6.9,"unit":"┬Ág/m┬│"},{"parameter":"NO2","value":23.3,"unit":"┬Ág/m┬│"},{"parameter":"PM25","value":11.4,"unit":"┬Ág/m┬│"},{"parameter":"PM10","value":19.5,"unit":"┬Ág/m┬│"},{"parameter":"FN","value":0.73,"unit":"┬Ág/m┬│"},{"parameter":"BCWB","value":0.16,"unit":"┬Ág/m┬│"},{"parameter":"NO","value":7.5,"unit":"┬Ág/m┬│"},{"parameter":"NO2","value":23.3,"unit":"┬Ág/m┬│"},{"parameter":"PM25","value":10.8,"unit":"┬Ág/m┬│"},{"parameter":"PM10","value":20.1,"unit":"┬Ág/m┬│"},{"parameter":"FN","value":0.74,"unit":"┬Ág/m┬│"},{"parameter":"BCWB","value":0.17,"unit":"┬Ág/m┬│"},{"parameter":"NO","value":9.5,"unit":"┬Ág/m┬│"},{"parameter":"NO2","value":30.9,"unit":"┬Ág/m┬│"},{"parameter":"PM25","value":11.4,"unit":"┬Ág/m┬│"},{"parameter":"PM10","value":21.7,"unit":"┬Ág/m┬│"},{"parameter":"FN","value":0.86,"unit":"┬Ág/m┬│"},{"parameter":"BCWB","value":0.19,"unit":"┬Ág/m┬│"},{"parameter":"NO","value":10.2,"unit":"┬Ág/m┬│"},{"parameter":"NO2","value":28.3,"unit":"┬Ág/m┬│"},{"parameter":"PM25","value":16.2,"unit":"┬Ág/m┬│"},{"parameter":"PM10","value":36.3,"unit":"┬Ág/m┬│"},{"parameter":"FN","value":0.78,"unit":"┬Ág/m┬│"},{"parameter":"BCWB","value":0.17,"unit":"┬Ág/m┬│"},{"parameter":"NO","value":6.1,"unit":"┬Ág/m┬│"},{"parameter":"NO2","value":27.1,"unit":"┬Ág/m┬│"}],"aqi":59,"category":"Moderate","lastUpdated":"2025-12-15T14:00:00+00:00"},"noisePollution":{"totalNoise":0,"roadNoise":0,"railNoise":0,"industryNoise":0,"aircraftNoise":0,"noiseCategory":"Unknown","exceedsLimit":false,"sources":[]},"energyClimate":{"energyLabel":"Unknown","climateRisk":"Unknown","efficiencyScore":0,"annualEnergyCost":0,"co2Emissions":0,"heatLoss":0},"sustainability":{"currentRating":"Unknown","potentialRating":"Unknown","recommendedMeasures":[],"totalCO2Savings":0,"totalCostSavings":0,"investmentCost":0,"paybackPeriod":0},"floodRisk":{"riskLevel":"Medium","floodProbability":0.1,"waterDepth":0,"nearestDike":0,"dikeQuality":"Good","floodZone":"Rijn type B - beschermd langs hoofdwatersysteem"},"publicTransport":{"nearestStops":[{"stopId":"721160625","name":"Marnixstraat","type":"Tram","distance":613.9645828015703,"coordinates":{"lat":52.3723364,"lon":4.8763385},"lines":[]},{"stopId":"721160612","name":"Rozengracht","type":"Tram","distance":625.1738393830997,"coordinates":{"lat":52.3726515,"lon":4.8759027},"lines":[]},{"stopId":"7985931966","name":"Rozengracht","type":"Bus","distance":635.4003170640723,"coordinates":{"lat":52.3725586,"lon":4.8758061},"lines":[]},{"stopId":"3185290417","name":"Rozengracht","type":"Tram","distance":665.7430634484034,"coordinates":{"lat":52.3718196,"lon":4.875944},"lines":[]},{"stopId":"6852291429","name":"Amsterdam, Marnixstraat","type":"Bus","distance":691.8550829328364,"coordinates":{"lat":52.3720659,"lon":4.8752751},"lines":[]},{"stopId":"3185460780","name":"Marnixstraat","type":"Tram","distance":691.9534279127822,"coordinates":{"lat":52.3720538,"lon":4.8752838},"lines":[]},{"stopId":"6841973866","name":"Marnixstraat","type":"Bus","distance":692.5289202282021,"coordinates":{"lat":52.3720373,"lon":4.8752884},"lines":[]},{"stopId":"7038604763","name":"Frederik Hendrikplantsoen","type":"Bus","distance":727.564223027603,"coordinates":{"lat":52.3785972,"lon":4.8754335},"lines":[]},{"stopId":"7038604772","name":"Amsterdam, Frederik Hendrikplantsoen","type":"Bus","distance":728.4280635827433,"coordinates":{"lat":52.3784731,"lon":4.8752845},"lines":[]},{"stopId":"3297544662","name":"Frederik Hendrikplantsoen","type":"Tram","distance":729.042408282647,"coordinates":{"lat":52.3786007,"lon":4.8754111},"lines":[]}],"connections":[]},"parkingData":{"totalSpaces":0,"availableSpaces":0,"occupancyRate":0,"parkingZones":[],"lastUpdated":""},"population":{"totalPopulation":0,"ageDistribution":{"0-14":0,"15-24":0,"25-44":0,"45-64":0,"65+":0},"households":0,"averageHouseholdSize":0,"demographics":{"age0to14":0,"age15to24":0,"age25to44":0,"age45to64":0,"age65plus":0}},"squareStats":{"gridId":"BU0363AB07","population":0,"households":0,"averageWOZ":0,"averageIncome":0,"housingDensity":12037},"greenSpaces":{"totalGreenArea":25000,"greenPercentage":0.7957747154594766,"nearestPark":"","parkDistance":1.7976931348623157e+308,"treeCanopyCover":0.23873241463784298,"greenSpaces":[{"name":"Green Area","type":"Green Area","area":500,"distance":500,"facilities":null},{"name":"Green Area","type":"Green Area","area":500,"distance":500,"facilities":null},{"name":"Green Area","type":"Green Area","area":500,"distance":500,"facilities":null},{"name":"Green Area","type":"Green Area","area":500,"distance":500,"facilities":null},{"name":"Green Area","type":"Green Area","area":500,"distance":500,"facilities":null},{"name":"Green Area","type":"Green Area","area":500,"distance":500,"facilities":null},{"name":"Green Area","type":"Green Area","area":500,"distance":500,"facilities":null},{"name":"Green Area","type":"Green Area","area":500,"distance":500,"facilities":null},{"name":"Green Area","type":"Green Area","area":500,"distance":500,"facilities":null},{"name":"Green Area","type":"Green Area","area":500,"distance":500,"facilities":null},{"name":"Green Area","type":"Green Area","area":500,"distance":500,"facilities":null},{"name":"Green Area","type":"Green Area","area":500,"distance":500,"facilities":null},{"name":"Green Area","type":"Green Area","area":500,"distance":500,"facilities":null},{"name":"Green Area","type":"Green Area","area":500,"distance":500,"facilities":null},{"name":"Green Area","type":"Green Area","area":500,"distance":500,"facilities":null},{"name":"Green Area","type":"Green Area","area":500,"distance":500,"facilities":null},{"name":"Green Area","type":"Green Area","area":500,"distance":500,"facilities":null},{"name":"Green Area","type":"Green Area","area":500,"distance":500,"facilities":null},{"name":"Green Area","type":"Green Area","area":500,"distance":500,"facilities":null},{"name":"Green Area","type":"Green Area","area":500,"distance":500,"facilities":null},{"name":"Green Area","type":"Green Area","area":500,"distance":500,"facilities":null},{"name":"Green Area","type":"Green Area","area":500,"distance":500,"facilities":null},{"name":"Green Area","type":"Green Area","area":500,"distance":500,"facilities":null},{"name":"Green Area","type":"Green Area","area":500,"distance":500,"facilities":null},{"name":"Green Area","type":"Green Area","area":500,"distance":500,"facilities":null},{"name":"Green Area","type":"Green Area","area":500,"distance":500,"facilities":null},{"name":"Green Area","type":"Green Area","area":500,"distance":500,"facilities":null},{"name":"Green Area","type":"Green Area","area":500,"distance":500,"facilities":null},{"name":"Green Area","type":"Green Area","area":500,"distance":500,"facilities":null},{"name":"Green Area","type":"Green Area","area":500,"distance":500,"facilities":null},{"name":"Green Area","type":"Green Area","area":500,"distance":500,"facilities":null},{"name":"Green Area","type":"Green Area","area":500,"distance":500,"facilities":null},{"name":"Green Area","type":"Green Area","area":500,"distance":500,"facilities":null},{"name":"Green Area","type":"Green Area","area":500,"distance":500,"facilities":null},{"name":"Green Area","type":"Green Area","area":500,"distance":500,"facilities":null},{"name":"Green Area","type":"Green Area","area":500,"distance":500,"facilities":null},{"name":"Green Area","type":"Green Area","area":500,"distance":500,"facilities":null},{"name":"Green Area","type":"Green Area","area":500,"distance":500,"facilities":null},{"name":"Green Area","type":"Green Area","area":500,"distance":500,"facilities":null},{"name":"Green Area","type":"Green Area","area":500,"distance":500,"facilities":null},{"name":"Green Area","type":"Green Area","area":500,"distance":500,"facilities":null},{"name":"Green Area","type":"Green Area","area":500,"distance":500,"facilities":null},{"name":"Green Area","type":"Green Area","area":500,"distance":500,"facilities":null},{"name":"Green Area","type":"Green Area","area":500,"distance":500,"facilities":null},{"name":"Green Area","type":"Green Area","area":500,"distance":500,"facilities":null},{"name":"Green Area","type":"Green Area","area":500,"distance":500,"facilities":null},{"name":"Green Area","type":"Green Area","area":500,"distance":500,"facilities":null},{"name":"Green Area","type":"Green Area","area":500,"distance":500,"facilities":null},{"name":"Green Area","type":"Green Area","area":500,"distance":500,"facilities":null},{"name":"Green Area","type":"Green Area","area":500,"distance":500,"facilities":null}]},"education":{"nearestPrimarySchool":{"name":"Theo Thijssen School","type":"Primary","distance":404.4172534327154,"qualityScore":7,"students":0,"address":"Westerstraat 297, Amsterdam","denomination":"Public"},"nearestSecondarySchool":{"name":"Altra College Centrum","type":"Secondary","distance":456.1680566610442,"qualityScore":7,"students":0,"address":"Konijnenstraat 7, Amsterdam","denomination":"Public"},"allSchools":[{"name":"Winterkoninkje","type":"Primary","distance":1889.1457288906765,"qualityScore":7,"students":0,"address":"","denomination":"Public"},{"name":"Winterkoninkje","type":"Primary","distance":1818.606237553402,"qualityScore":7,"students":0,"address":"","denomination":"Public"},{"name":"SOB","type":"Primary","distance":1563.8639808759633,"qualityScore":7,"students":0,"address":"Borgerstraat 52A, Amsterdam","denomination":"Public"},{"name":"Theaterkamer","type":"Primary","distance":1561.3593137808696,"qualityScore":7,"students":0,"address":"Marius van Bouwdijk Bastiaansestraat 54, Amsterdam","denomination":"Public"},{"name":"As-Siddieq","type":"Primary","distance":1859.622470683431,"qualityScore":7,"students":0,"address":"","denomination":"Public"},{"name":"Rosa Boekdrukker","type":"Primary","distance":1990.5184098241602,"qualityScore":7,"students":0,"address":"","denomination":"Public"},{"name":"De Roos","type":"Primary","distance":1608.3661393326968,"qualityScore":7,"students":0,"address":"Reinier Claeszenplein 12, Amsterdam","denomination":"Public"},{"name":"Kindcentrum de Vindplaats","type":"Primary","distance":1689.285768304407,"qualityScore":7,"students":0,"address":"Jan Den Haenstraat 41, Amsterdam","denomination":"Public"},{"name":"Obs De Waterkant","type":"Primary","distance":1165.3734243749507,"qualityScore":7,"students":0,"address":"Bilderdijkpark 18, Amsterdam","denomination":"Public"},{"name":"Dr. Rijk Kramerschool","type":"Primary","distance":684.787654680286,"qualityScore":7,"students":0,"address":"Nassaukade 124, Amsterdam","denomination":"Public"},{"name":"Vinseschool","type":"Primary","distance":1683.3127119447036,"qualityScore":7,"students":0,"address":"Polonceau-kade 26, Amsterdam","denomination":"Public"},{"name":"Vinseschool","type":"Primary","distance":1724.100843544685,"qualityScore":7,"students":0,"address":"Polonceau-kade 28, Amsterdam","denomination":"Public"},{"name":"Muziekpakhuis","type":"Primary","distance":1325.4086558873641,"qualityScore":7,"students":0,"address":"Alberdingk Thijmstraat 19, Amsterdam","denomination":"Public"},{"name":"Instituto Latino","type":"Primary","distance":1528.7532898568559,"qualityScore":7,"students":0,"address":"Eerste Weteringdwarsstraat 50-52, Amsterdam","denomination":"Public"},{"name":"IKC De Kleine Reus","type":"Primary","distance":1610.4037018303395,"qualityScore":7,"students":0,"address":"Noorderstraat 6, ","denomination":"Public"},{"name":"Reinwardt Academie","type":"Primary","distance":1758.833964487257,"qualityScore":7,"students":0,"address":"Hortusplantsoen 1-2-3, Amsterdam","denomination":"Public"},{"name":"Altra College Centrum","type":"Secondary","distance":456.1680566610442,"qualityScore":7,"students":0,"address":"Konijnenstraat 7, Amsterdam","denomination":"Public"},{"name":"Theo Thijssen School","type":"Primary","distance":404.4172534327154,"qualityScore":7,"students":0,"address":"Westerstraat 297, Amsterdam","denomination":"Public"},{"name":"Spirituele Akademie","type":"Primary","distance":966.0349034266487,"qualityScore":7,"students":0,"address":"","denomination":"Public"},{"name":"Vinseschool","type":"Primary","distance":754.6635945893081,"qualityScore":7,"students":0,"address":"Palmstraat 11, Amsterdam","denomination":"Public"}],"averageQuality":7},"buildingPermits":{"totalPermits":0,"newConstruction":0,"renovations":0,"permits":[],"growthTrend":"Unknown"},"facilities":{"topFacilities":[{"name":"Little Plant Pantry","category":"Retail","type":"Supermarket","distance":1219.2394032344387,"walkTime":15,"driveTime":2,"rating":4,"address":""},{"name":"DC Klinieken","category":"Healthcare","type":"Doctor","distance":1223.8625273985785,"walkTime":15,"driveTime":2,"rating":4,"address":""},{"name":"De Japanner","category":"Dining","type":"Restaurant","distance":1224.7641885005187,"walkTime":15,"driveTime":2,"rating":4,"address":""},{"name":"Maud","category":"Dining","type":"Restaurant","distance":1234.0252211012623,"walkTime":15,"driveTime":2,"rating":4,"address":""},{"name":"Vicio","category":"Dining","type":"Restaurant","distance":1237.369625519639,"walkTime":15,"driveTime":2,"rating":4,"address":""},{"name":"Soytasty","category":"Dining","type":"Restaurant","distance":1250.7658634720904,"walkTime":15,"driveTime":2,"rating":4,"address":""},{"name":"Teds place","category":"Dining","type":"Restaurant","distance":1252.274484273146,"walkTime":15,"driveTime":2,"rating":4,"address":""},{"name":"Caf├® Jacob","category":"Dining","type":"Cafe","distance":1253.5289645049074,"walkTime":15,"driveTime":2,"rating":4,"address":""},{"name":"Kazik","category":"Dining","type":"Cafe","distance":1255.3211720914242,"walkTime":15,"driveTime":2,"rating":4,"address":""},{"name":"Miss Saigon","category":"Dining","type":"Restaurant","distance":1264.2981199947412,"walkTime":15,"driveTime":2,"rating":4,"address":""},{"name":"Pazzi","category":"Dining","type":"Restaurant","distance":1269.34951905378,"walkTime":15,"driveTime":2,"rating":4,"address":""},{"name":"Soenes Roti Bar \u0026 Grill","category":"Dining","type":"Restaurant","distance":1272.661605497019,"walkTime":15,"driveTime":2,"rating":4,"address":""},{"name":"Cafe Oranje","category":"Dining","type":"Cafe","distance":1283.5295649199224,"walkTime":16,"driveTime":2,"rating":4,"address":""},{"name":"Van 't Spit","category":"Dining","type":"Restaurant","distance":1288.9944552259908,"walkTime":16,"driveTime":2,"rating":4,"address":""},{"name":"Bosco","category":"Dining","type":"Cafe","distance":1290.8677779510365,"walkTime":16,"driveTime":2,"rating":4,"address":""},{"name":"Pastis","category":"Dining","type":"Restaurant","distance":1301.7842190247964,"walkTime":16,"driveTime":2,"rating":4,"address":""},{"name":"Pepito","category":"Dining","type":"Restaurant","distance":1324.9715475620533,"walkTime":16,"driveTime":2,"rating":4,"address":""},{"name":"Rue D'Alger","category":"Dining","type":"Restaurant","distance":1340.2697448379292,"walkTime":16,"driveTime":2,"rating":4,"address":""},{"name":"Piccolo","category":"Dining","type":"Restaurant","distance":1343.2952083878167,"walkTime":16,"driveTime":2,"rating":4,"address":""},{"name":"Tasty Eten","category":"Dining","type":"Restaurant","distance":1350.0737576045674,"walkTime":16,"driveTime":2,"rating":4,"address":""}],"amenitiesScore":74.51875302984435,"categoryCounts":{"Dining":43,"Healthcare":2,"Leisure":1,"Retail":2,"Services":2}},"elevation":{"elevation":10,"terrainSlope":0.5,"floodRisk":"Low","viewPotential":"Excellent","surrounding":[9.5,10.5,10,9.7]},"aggregatedAt":"2025-12-15T15:26:23.1515359+01:00","dataSources":["BAG","Monument Register","KNMI Weather","KNMI Solar","SkyGeo","BRO","Air Quality","Noise Register","Altum Energy","Altum Sustainability","Flood Risk","OpenOV","Parking","CBS Population","CBS Square Stats","Green Spaces","Education","Building Permits","Facilities","AHN"],"errors":{"Altum Transactions":"AltumTransactionApiURL not configured","Altum WOZ":"altum WOZ API returned status 403","CBS":"neighborhood code not available","CBS Safety":"neighborhood code not available","CBS StatLine":"Get \"https://opendata.cbs.nl/ODataApi/odata/ODataFeed/v4/CBS/84286NED/Observations?$filter=RegioS eq '0363'\u0026$orderby=Perioden desc\u0026$top=1\": read tcp 192.168.3.41:25304-\u003e87.213.43.212:443: wsarecv: An existing connection was forcibly closed by the remote host.","Kadaster":"KadasterObjectInfoApiURL not configured","Land Use":"LandUseApiURL not configured","Matrixian":"property value data not found for BAG ID: 0363200012151123","NDW Traffic":"Get \"https://api.ndw.nu//traffic?lat=52.374936\u0026lon=4.884317\u0026radius=1000\": dial tcp: lookup api.ndw.nu: no such host","PDOK Platform":"PDOKApiURL not configured","Schiphol":"schiphol API returned status 403","Soil Quality":"SoilQualityApiURL not configured","Stratopo":"failed to decode stratopo response: invalid character '\u003c' looking for beginning of value","WUR Soil":"Get \"https://maps.wur.nl/wms/soil?lat=52.374936\u0026lon=4.884317\": dial tcp: lookup maps.wur.nl: no such host","Water Quality":"Get \"https://api.digitaldelta.org//water-quality?lat=52.374936\u0026lon=4.884317\": dial tcp: lookup api.digitaldelta.org: no such host"}}}
